<html>
<body>
<pre>
<h1>µVision Build Log</h1>
<h2>Tool Versions:</h2>
IDE-Version: µVision V5.33.0.0
Copyright (C) 2020 ARM Ltd and ARM Germany GmbH. All rights reserved.
License Information: Kirill Coper, TUSUR, LIC=----
 
Tool Versions:
Toolchain:       MDK-Lite  Version: 5.33.0.0
Toolchain Path:  D:\kirill_coper\5 êóðñ\ÀÑÒÑ\Keil\ARM\ARMCC\Bin
C Compiler:      Armcc.exe V5.06 update 7 (build 960)
Assembler:       Armasm.exe V5.06 update 7 (build 960)
Linker/Locator:  ArmLink.exe V5.06 update 7 (build 960)
Library Manager: ArmAr.exe V5.06 update 7 (build 960)
Hex Converter:   FromElf.exe V5.06 update 7 (build 960)
CPU DLL:         SARMCM3.DLL V5.33.0.0
Dialog DLL:      DCM.DLL V1.17.3.0
Target DLL:      UL2CM3.DLL V1.163.9.0
Dialog DLL:      TCM.DLL V1.48.0.0
 
<h2>Project:</h2>
D:\kirill_coper\5 êóðñ\ÀÑÒÑ\Äåìîíñòðàöèîííûå ïðèìåðû\LDM_BB_K1986BE92QI\Example_Projects\BUTTON\LedMgmtByButton.uvprojx
Project File Date:  01/19/2021

<h2>Output:</h2>
*** Using Compiler 'V5.06 update 7 (build 960)', folder: 'D:\kirill_coper\5 êóðñ\ÀÑÒÑ\Keil\ARM\ARMCC\Bin'
Build target 'LedMgmtByButton'
assembling startup_MDR32F9Qx.s...
compiling button.c...
compiling led.c...
compiling main.c...
src\main.c(61): warning:  #1-D: last line of file ends without a newline
  }
src\main.c: 1 warning, 0 errors
compiling clk.c...
compiling MDR32F9Qx_rst_clk.c...
..\..\lib\MDR32F9Qx_StdPeriph_Driver\src\MDR32F9Qx_rst_clk.c(417): warning:  #177-D: variable "temp"  was declared but never referenced
    uint32_t temp = 0;
..\..\lib\MDR32F9Qx_StdPeriph_Driver\src\MDR32F9Qx_rst_clk.c(499): warning:  #177-D: variable "temp"  was declared but never referenced
    uint32_t temp = 0;
..\..\lib\MDR32F9Qx_StdPeriph_Driver\src\MDR32F9Qx_rst_clk.c(648): warning:  #177-D: variable "temp"  was declared but never referenced
    uint32_t temp = 0;
..\..\lib\MDR32F9Qx_StdPeriph_Driver\src\MDR32F9Qx_rst_clk.c(682): warning:  #177-D: variable "temp"  was declared but never referenced
    uint32_t temp;
..\..\lib\MDR32F9Qx_StdPeriph_Driver\src\MDR32F9Qx_rst_clk.c(864): warning:  #177-D: variable "temp"  was declared but never referenced
    uint32_t temp = 0;
..\..\lib\MDR32F9Qx_StdPeriph_Driver\src\MDR32F9Qx_rst_clk.c(898): warning:  #177-D: variable "temp"  was declared but never referenced
    uint32_t temp = 0;
..\..\lib\MDR32F9Qx_StdPeriph_Driver\src\MDR32F9Qx_rst_clk.c(958): warning:  #177-D: variable "temp"  was declared but never referenced
    uint32_t temp = 0;
..\..\lib\MDR32F9Qx_StdPeriph_Driver\src\MDR32F9Qx_rst_clk.c(994): warning:  #177-D: variable "temp"  was declared but never referenced
    uint32_t temp = 0;
..\..\lib\MDR32F9Qx_StdPeriph_Driver\src\MDR32F9Qx_rst_clk.c(1089): warning:  #177-D: variable "temp"  was declared but never referenced
    uint32_t temp = 0;
..\..\lib\MDR32F9Qx_StdPeriph_Driver\src\MDR32F9Qx_rst_clk.c(1259): warning:  #177-D: variable "temp"  was declared but never referenced
    uint32_t temp = 0;
..\..\lib\MDR32F9Qx_StdPeriph_Driver\src\MDR32F9Qx_rst_clk.c(1325): warning:  #177-D: variable "temp"  was declared but never referenced
    uint32_t temp = 0;
..\..\lib\MDR32F9Qx_StdPeriph_Driver\src\MDR32F9Qx_rst_clk.c: 11 warnings, 0 errors
compiling system_MDR32F9Qx.c...
compiling MDR32F9Qx_port.c...
linking...
Program Size: Code=2880 RO-data=224 RW-data=4 ZI-data=1644  
FromELF: creating hex file...
".\obj\LedMgmtByButton.axf" - 0 Error(s), 12 Warning(s).

<h2>Software Packages used:</h2>

Package Vendor: ARM
                http://www.keil.com/pack/ARM.CMSIS.5.7.0.pack
                ARM.CMSIS.5.7.0
                CMSIS (Cortex Microcontroller Software Interface Standard)
   * Component: CORE Version: 5.4.0

Package Vendor: Keil
                http://www.keil.com/pack/Keil.MDR1986BExx.1.5.3.pack
                Keil.MDR1986BExx.1.5.3
                Milandr MDR1986BExx Series Device Support, Drivers and Examples

<h2>Collection of Component include folders:</h2>
  .\RTE\_LedMgmtByButton
  C:\Users\Admin\AppData\Local\Arm\Packs\ARM\CMSIS\5.7.0\CMSIS\Core\Include
  C:\Users\Admin\AppData\Local\Arm\Packs\Keil\MDR1986BExx\1.5.3\Libraries\CMSIS\CM3\DeviceSupport\MDR32F9Qx\inc

<h2>Collection of Component Files used:</h2>

   * Component: ARM::CMSIS:CORE:5.4.0
Build Time Elapsed:  00:00:00
</pre>
</body>
</html>
